Read	.target.tmpdir "/tmp"
Read	.target.stat "/usr/lib/systemd/system/aaa.service" $["isreg":true]
Log	### Calling Service::Info is broken with systemd! ###
Read	.target.stat "/usr/lib/systemd/system/aaa.service" $["isreg":true]
Read	.init.scripts.runlevel "aaa" $["aaa":$["start":["0", "1", "3"], "stop":["4", "5", "6"]]]
Read	.init.scripts.comment "aaa" $["aaa":$["defstart":["0", "1", "3"], "defstop":["4", "5", "6"]]]
Read	.target.stat "/usr/lib/systemd/system/aaa.service" $["isreg":true]
Execute	.target.bash "/bin/systemctl status aaa.service" $["TERM":"raw"] 3
Return	$["defstart":["0", "1", "3"], "defstop":["4", "5", "6"], "start":["0", "1", "3"], "started":3, "stop":["4", "5", "6"]]
