Return	nil
Dump	
Dump	Adding new Add-On product
Return	true
Return	["/tmp/additional-control-files/3:__AddOnProduct-ControlFile__.xml"]
Dump	
Dump	Adding another Add-On product
Return	true
Return	["/tmp/additional-control-files/3:__AddOnProduct-ControlFile__.xml", "/tmp/additional-control-files/12:__AddOnProduct-ControlFile__.xml"]
Dump	
Dump	Removing the first Add-On product
Execute	.target.remove "/tmp/additional-control-files/3:__AddOnProduct-ControlFile__.xml" 0
Return	true
Return	["/tmp/additional-control-files/12:__AddOnProduct-ControlFile__.xml"]
Dump	
Dump	Removing the first Add-On product
Log	MD5 sum of file /tmp/additional-control-files/12:__AddOnProduct-ControlFile__.xml is nil
Log	Workflow ident is: nil
Return	true
Dump	
Dump	Current Settings
Return	$["clone_modules":[], "inst_finish":[], "proposals":[$["archs":"", "mode":"installation", "name":"initial", "proposal_modules":["hwinfo", "keyboard", "mouse", "partitions", "software", "bootloader", "timezone", "language", "default_target"], "proposal_tabs":[$["label":"Overview", "proposal_modules":["partitions", "software_simple", "language_simple"]], $["label":"Expert", "proposal_modules":["hwinfo", "keyboard", "mouse", "partitions", "software", "bootloader", "timezone", "language", "default_target"]]], "stage":"initial"], $["archs":"", "mode":"demo", "name":"initial", "proposal_modules":["hwinfo", "keyboard", "mouse", "partitions", "software", "bootloader", "timezone", "language", "default_target"], "proposal_tabs":[$["label":"Overview", "proposal_modules":["partitions", "software_simple", "language_simple"]], $["label":"Expert", "proposal_modules":["hwinfo", "keyboard", "mouse", "partitions", "software", "bootloader", "timezone", "language", "default_target"]]], "stage":"initial"], $["archs":"", "mode":"autoinstallation", "name":"initial", "proposal_modules":["hwinfo", "keyboard", "mouse", "partitions", "software", "bootloader", "timezone", "language", "default_target"], "proposal_tabs":[$["label":"Overview", "proposal_modules":["partitions", "software_simple", "language_simple"]], $["label":"Expert", "proposal_modules":["hwinfo", "keyboard", "mouse", "partitions", "software", "bootloader", "timezone", "language", "default_target"]]], "stage":"initial"], $["archs":"", "mode":"", "name":"network", "proposal_modules":[$["name":"lan", "presentation_order":"20"], $["name":"dsl", "presentation_order":"30"], $["name":"isdn", "presentation_order":"40"], $["name":"modem", "presentation_order":"50"], $["name":"remote", "presentation_order":"60"], $["name":"firewall", "presentation_order":"10"], $["name":"proxy", "presentation_order":"70"]], "stage":"continue"], $["archs":"", "mode":"", "name":"network", "proposal_modules":[$["name":"lan", "presentation_order":"20"], $["name":"dsl", "presentation_order":"30"], $["name":"isdn", "presentation_order":"40"], $["name":"modem", "presentation_order":"50"], $["name":"remote", "presentation_order":"60"], $["name":"firewall", "presentation_order":"10"], $["name":"proxy", "presentation_order":"70"]], "stage":"normal"]], "system_roles":[], "unmerged_changes":false, "workflows":[$["defaults":$["archs":"i386"], "label":"Preparation", "mode":"installation", "modules":[$["arguments":$["first_run":"yes"], "enable_back":"no", "enable_next":"yes", "label":"Language", "name":"language", "retranslate":true], $["label":"Perform Installation", "name":"finish"]], "stage":"initial"], $["defaults":$["archs":"x86_64"], "label":"Preparation", "mode":"installation", "modules":[$["arguments":$["first_run":"yes"], "enable_back":"no", "enable_next":"yes", "label":"Language", "name":"language", "retranslate":true], $["label":"Perform Installation", "name":"finish"]], "stage":"initial"], $["defaults":$["archs":"i386"], "label":"Preparation", "mode":"update", "modules":[$["arguments":$["first_run":"yes"], "enable_back":"no", "enable_next":"yes", "label":"Language", "name":"language", "retranslate":true], $["label":"Perform Installation", "name":"finish"]], "stage":"initial"], $["defaults":$["archs":"x86_64"], "label":"Preparation", "mode":"update", "modules":[$["arguments":$["first_run":"yes"], "enable_back":"no", "enable_next":"yes", "label":"Language", "name":"language", "retranslate":true], $["label":"Perform Installation", "name":"finish"]], "stage":"initial"]]]
