Log	sequencer check: ws_start needs to be defined
Return	false
Log	sequencer check: list size too small: 0 (key: 2)
Log	sequencer check: list size too small: 1 (key: 3)
Log	sequencer check: not a boolean: `x
Log	sequencer check: not a boolean: 5
Log	sequencer check: not a string: `x
Log	sequencer check: alias not found: 0
Log	sequencer check: not a map: 8 []
Log	sequencer check: not a symbol: blah
Log	sequencer check: alias not found: huu
Log	sequencer check: alias not found: missing
Log	sequencer check: alias not used: 7
Return	false
Return	true
Return	true
