Dump	IP::Check4
Return	false
Return	false
Return	false
Return	false
Return	false
Return	false
Return	false
Return	false
Return	false
Return	true
Return	true
Return	true
Return	true
Return	true
Return	true
Return	true
Return	true
Return	true
Dump	IP::Check6
Return	false
Return	false
Return	false
Return	true
Return	true
Return	true
Return	true
Return	true
Return	true
Return	true
Return	true
Return	true
Return	true
Return	true
Return	true
Return	true
Return	true
Return	true
Return	true
Return	true
Return	true
Return	true
Return	true
Return	true
Return	false
Return	false
Return	false
Return	false
Return	false
Dump	IP::UndecorateIPv6
Return	fe80::219:d1ff:feac:fd10
Return	::1
Return	fe80::3
Return	fe80::3
Dump	IP::ToInteger
Return	0
Return	2130706433
Return	3232263703
Return	169083165
Dump	IP::ToString
Return	0.0.0.0
Return	127.0.0.1
Return	192.168.110.23
Return	10.20.1.29
Dump	IP::ToHex
Return	00000000
Return	0A0A0001
Return	C0A80101
Return	FFFFFFFF
Dump	IP::ComputeNetwork
Return	127.0.0.0
Return	192.168.110.0
Return	10.20.0.0
Dump	IP::ComputeBroadcast
Return	127.255.255.255
Return	192.168.110.255
Return	10.20.15.255
Dump	IP::CheckNetwork4 -> true
Return	true
Return	true
Return	true
Return	true
Return	true
Return	true
Return	true
Return	true
Return	true
Return	true
Dump	IP::CheckNetwork4 -> false
Return	false
Return	false
Return	false
Return	false
Return	false
Return	false
Dump	IP::CheckNetwork6 -> true
Return	true
Return	true
Return	true
Return	true
Return	true
Return	true
Return	true
Return	true
Return	true
Dump	IP::CheckNetwork6 -> false
Return	false
Return	false
Return	false
Return	false
Return	false
Return	false
Dump	IP::CheckNetwork -> true
Return	true
Return	true
Return	true
Return	true
Dump	IP::CheckNetwork -> false
Return	false
Return	false
Return	false
Return	false
