Dump	Netmask::Check4
Return	true
Return	true
Return	true
Return	true
Return	true
Return	true
Return	true
Return	true
Return	true
Return	true
Return	true
Return	true
Return	true
Return	true
Return	true
Return	true
Return	true
Return	true
Return	true
Return	true
Return	true
Return	true
Return	true
Return	true
Return	true
Return	true
Return	true
Return	true
Return	true
Return	true
Return	true
Return	true
Return	false
Return	false
Return	false
Return	false
Return	false
Return	false
Return	true
Return	true
Return	true
Return	false
Return	false
Return	false
Return	true
Return	true
Return	true
Dump	Netmask::Check6
Return	false
Return	false
Return	false
Return	true
Dump	Netmask::FromBits
Return	255.255.255.255
Return	255.255.255.254
Return	255.255.255.252
Return	255.255.255.248
Return	255.255.255.240
Return	255.255.255.224
Return	255.255.255.192
Return	255.255.255.128
Return	255.255.255.0
Return	255.255.254.0
Return	255.255.252.0
Return	255.255.248.0
Return	255.255.240.0
Return	255.255.224.0
Return	255.255.192.0
Return	255.255.128.0
Return	255.255.0.0
Return	255.254.0.0
Return	255.252.0.0
Return	255.248.0.0
Return	255.240.0.0
Return	255.224.0.0
Return	255.192.0.0
Return	255.128.0.0
Return	255.0.0.0
Return	254.0.0.0
Return	252.0.0.0
Return	248.0.0.0
Return	240.0.0.0
Return	224.0.0.0
Return	192.0.0.0
Return	128.0.0.0
Return	0.0.0.0
Dump	Netmask::ToBits
Return	32
Return	31
Return	30
Return	29
Return	28
Return	27
Return	26
Return	25
Return	24
Return	23
Return	22
Return	21
Return	20
Return	19
Return	18
Return	17
Return	16
Return	15
Return	14
Return	13
Return	12
Return	11
Return	10
Return	9
Return	8
Return	7
Return	6
Return	5
Return	4
Return	3
Return	2
Return	1
Return	0
Return	32
