Log	Run <false>: Command execution failed. Exit code: 1
